// Jest Snapshot v1, https://goo.gl/fbAQLP

exports[`App 1`] = `
<div>
  <h1>
    Funky App
  </h1>
  <Dummy />
</div>
`;
